// Jest Snapshot v1, https://goo.gl/fbAQLP

exports[`EnhancedTableHead render 1`] = `
ShallowWrapper {
  Symbol(enzyme.__root__): [Circular],
  Symbol(enzyme.__unrendered__): <EnhancedTableHead
    numSelected={0}
    onRequestSort={[Function]}
    onSelectAllClick={[Function]}
    order="desc"
    orderBy="firstName"
    rowCount={10}
    rows={
      Array [
        Object {
          "disablePadding": true,
          "id": "firstName",
          "label": "FirstName",
          "numeric": false,
        },
        Object {
          "disablePadding": false,
          "id": "lastName",
          "label": "LastName",
          "numeric": false,
        },
        Object {
          "disablePadding": false,
          "id": "hobbies",
          "label": "Hobbies",
          "numeric": false,
        },
        Object {
          "disablePadding": false,
          "id": "birthDate",
          "label": "BirthDate",
          "numeric": false,
        },
        Object {
          "disablePadding": false,
          "id": "url",
          "label": "Profile",
          "numeric": false,
        },
      ]
    }
    selected=""
  />,
  Symbol(enzyme.__renderer__): Object {
    "batchedUpdates": [Function],
    "getNode": [Function],
    "render": [Function],
    "simulateError": [Function],
    "simulateEvent": [Function],
    "unmount": [Function],
  },
  Symbol(enzyme.__node__): Object {
    "instance": null,
    "key": undefined,
    "nodeType": "class",
    "props": Object {
      "children": <WithStyles(TableRow)>
        <WithStyles(TableCell)
          padding="checkbox"
        >
          <WithStyles(Checkbox)
            checked={false}
            indeterminate={false}
            onChange={[Function]}
          />
        </WithStyles(TableCell)>
        <WithStyles(TableCell)
          numeric={false}
          padding="none"
          sortDirection="desc"
        >
          <WithStyles(Tooltip)
            enterDelay={300}
            placement="bottom-start"
            title="Sort"
          >
            <WithStyles(TableSortLabel)
              active={true}
              direction="desc"
              onClick={[Function]}
            >
              FirstName
            </WithStyles(TableSortLabel)>
          </WithStyles(Tooltip)>
        </WithStyles(TableCell)>
        <WithStyles(TableCell)
          numeric={false}
          padding="default"
          sortDirection={false}
        >
          <WithStyles(Tooltip)
            enterDelay={300}
            placement="bottom-start"
            title="Sort"
          >
            <WithStyles(TableSortLabel)
              active={false}
              direction="desc"
              onClick={[Function]}
            >
              LastName
            </WithStyles(TableSortLabel)>
          </WithStyles(Tooltip)>
        </WithStyles(TableCell)>
        <WithStyles(TableCell)
          numeric={false}
          padding="default"
          sortDirection={false}
        >
          <WithStyles(Tooltip)
            enterDelay={300}
            placement="bottom-start"
            title="Sort"
          >
            <WithStyles(TableSortLabel)
              active={false}
              direction="desc"
              onClick={[Function]}
            >
              Hobbies
            </WithStyles(TableSortLabel)>
          </WithStyles(Tooltip)>
        </WithStyles(TableCell)>
        <WithStyles(TableCell)
          numeric={false}
          padding="default"
          sortDirection={false}
        >
          <WithStyles(Tooltip)
            enterDelay={300}
            placement="bottom-start"
            title="Sort"
          >
            <WithStyles(TableSortLabel)
              active={false}
              direction="desc"
              onClick={[Function]}
            >
              BirthDate
            </WithStyles(TableSortLabel)>
          </WithStyles(Tooltip)>
        </WithStyles(TableCell)>
        <WithStyles(TableCell)
          numeric={false}
          padding="default"
          sortDirection={false}
        >
          <WithStyles(Tooltip)
            enterDelay={300}
            placement="bottom-start"
            title="Sort"
          >
            <WithStyles(TableSortLabel)
              active={false}
              direction="desc"
              onClick={[Function]}
            >
              Profile
            </WithStyles(TableSortLabel)>
          </WithStyles(Tooltip)>
        </WithStyles(TableCell)>
      </WithStyles(TableRow)>,
    },
    "ref": null,
    "rendered": Object {
      "instance": null,
      "key": undefined,
      "nodeType": "class",
      "props": Object {
        "children": Array [
          <WithStyles(TableCell)
            padding="checkbox"
          >
            <WithStyles(Checkbox)
              checked={false}
              indeterminate={false}
              onChange={[Function]}
            />
          </WithStyles(TableCell)>,
          Array [
            <WithStyles(TableCell)
              numeric={false}
              padding="none"
              sortDirection="desc"
            >
              <WithStyles(Tooltip)
                enterDelay={300}
                placement="bottom-start"
                title="Sort"
              >
                <WithStyles(TableSortLabel)
                  active={true}
                  direction="desc"
                  onClick={[Function]}
                >
                  FirstName
                </WithStyles(TableSortLabel)>
              </WithStyles(Tooltip)>
            </WithStyles(TableCell)>,
            <WithStyles(TableCell)
              numeric={false}
              padding="default"
              sortDirection={false}
            >
              <WithStyles(Tooltip)
                enterDelay={300}
                placement="bottom-start"
                title="Sort"
              >
                <WithStyles(TableSortLabel)
                  active={false}
                  direction="desc"
                  onClick={[Function]}
                >
                  LastName
                </WithStyles(TableSortLabel)>
              </WithStyles(Tooltip)>
            </WithStyles(TableCell)>,
            <WithStyles(TableCell)
              numeric={false}
              padding="default"
              sortDirection={false}
            >
              <WithStyles(Tooltip)
                enterDelay={300}
                placement="bottom-start"
                title="Sort"
              >
                <WithStyles(TableSortLabel)
                  active={false}
                  direction="desc"
                  onClick={[Function]}
                >
                  Hobbies
                </WithStyles(TableSortLabel)>
              </WithStyles(Tooltip)>
            </WithStyles(TableCell)>,
            <WithStyles(TableCell)
              numeric={false}
              padding="default"
              sortDirection={false}
            >
              <WithStyles(Tooltip)
                enterDelay={300}
                placement="bottom-start"
                title="Sort"
              >
                <WithStyles(TableSortLabel)
                  active={false}
                  direction="desc"
                  onClick={[Function]}
                >
                  BirthDate
                </WithStyles(TableSortLabel)>
              </WithStyles(Tooltip)>
            </WithStyles(TableCell)>,
            <WithStyles(TableCell)
              numeric={false}
              padding="default"
              sortDirection={false}
            >
              <WithStyles(Tooltip)
                enterDelay={300}
                placement="bottom-start"
                title="Sort"
              >
                <WithStyles(TableSortLabel)
                  active={false}
                  direction="desc"
                  onClick={[Function]}
                >
                  Profile
                </WithStyles(TableSortLabel)>
              </WithStyles(Tooltip)>
            </WithStyles(TableCell)>,
          ],
        ],
      },
      "ref": null,
      "rendered": Array [
        Object {
          "instance": null,
          "key": undefined,
          "nodeType": "class",
          "props": Object {
            "children": <WithStyles(Checkbox)
              checked={false}
              indeterminate={false}
              onChange={[Function]}
            />,
            "padding": "checkbox",
          },
          "ref": null,
          "rendered": Object {
            "instance": null,
            "key": undefined,
            "nodeType": "class",
            "props": Object {
              "checked": false,
              "indeterminate": false,
              "onChange": [Function],
            },
            "ref": null,
            "rendered": null,
            "type": [Function],
          },
          "type": [Function],
        },
        Object {
          "instance": null,
          "key": "firstName",
          "nodeType": "class",
          "props": Object {
            "children": <WithStyles(Tooltip)
              enterDelay={300}
              placement="bottom-start"
              title="Sort"
            >
              <WithStyles(TableSortLabel)
                active={true}
                direction="desc"
                onClick={[Function]}
              >
                FirstName
              </WithStyles(TableSortLabel)>
            </WithStyles(Tooltip)>,
            "numeric": false,
            "padding": "none",
            "sortDirection": "desc",
          },
          "ref": null,
          "rendered": Object {
            "instance": null,
            "key": undefined,
            "nodeType": "class",
            "props": Object {
              "children": <WithStyles(TableSortLabel)
                active={true}
                direction="desc"
                onClick={[Function]}
              >
                FirstName
              </WithStyles(TableSortLabel)>,
              "enterDelay": 300,
              "placement": "bottom-start",
              "title": "Sort",
            },
            "ref": null,
            "rendered": Object {
              "instance": null,
              "key": undefined,
              "nodeType": "class",
              "props": Object {
                "active": true,
                "children": "FirstName",
                "direction": "desc",
                "onClick": [Function],
              },
              "ref": null,
              "rendered": "FirstName",
              "type": [Function],
            },
            "type": [Function],
          },
          "type": [Function],
        },
        Object {
          "instance": null,
          "key": "lastName",
          "nodeType": "class",
          "props": Object {
            "children": <WithStyles(Tooltip)
              enterDelay={300}
              placement="bottom-start"
              title="Sort"
            >
              <WithStyles(TableSortLabel)
                active={false}
                direction="desc"
                onClick={[Function]}
              >
                LastName
              </WithStyles(TableSortLabel)>
            </WithStyles(Tooltip)>,
            "numeric": false,
            "padding": "default",
            "sortDirection": false,
          },
          "ref": null,
          "rendered": Object {
            "instance": null,
            "key": undefined,
            "nodeType": "class",
            "props": Object {
              "children": <WithStyles(TableSortLabel)
                active={false}
                direction="desc"
                onClick={[Function]}
              >
                LastName
              </WithStyles(TableSortLabel)>,
              "enterDelay": 300,
              "placement": "bottom-start",
              "title": "Sort",
            },
            "ref": null,
            "rendered": Object {
              "instance": null,
              "key": undefined,
              "nodeType": "class",
              "props": Object {
                "active": false,
                "children": "LastName",
                "direction": "desc",
                "onClick": [Function],
              },
              "ref": null,
              "rendered": "LastName",
              "type": [Function],
            },
            "type": [Function],
          },
          "type": [Function],
        },
        Object {
          "instance": null,
          "key": "hobbies",
          "nodeType": "class",
          "props": Object {
            "children": <WithStyles(Tooltip)
              enterDelay={300}
              placement="bottom-start"
              title="Sort"
            >
              <WithStyles(TableSortLabel)
                active={false}
                direction="desc"
                onClick={[Function]}
              >
                Hobbies
              </WithStyles(TableSortLabel)>
            </WithStyles(Tooltip)>,
            "numeric": false,
            "padding": "default",
            "sortDirection": false,
          },
          "ref": null,
          "rendered": Object {
            "instance": null,
            "key": undefined,
            "nodeType": "class",
            "props": Object {
              "children": <WithStyles(TableSortLabel)
                active={false}
                direction="desc"
                onClick={[Function]}
              >
                Hobbies
              </WithStyles(TableSortLabel)>,
              "enterDelay": 300,
              "placement": "bottom-start",
              "title": "Sort",
            },
            "ref": null,
            "rendered": Object {
              "instance": null,
              "key": undefined,
              "nodeType": "class",
              "props": Object {
                "active": false,
                "children": "Hobbies",
                "direction": "desc",
                "onClick": [Function],
              },
              "ref": null,
              "rendered": "Hobbies",
              "type": [Function],
            },
            "type": [Function],
          },
          "type": [Function],
        },
        Object {
          "instance": null,
          "key": "birthDate",
          "nodeType": "class",
          "props": Object {
            "children": <WithStyles(Tooltip)
              enterDelay={300}
              placement="bottom-start"
              title="Sort"
            >
              <WithStyles(TableSortLabel)
                active={false}
                direction="desc"
                onClick={[Function]}
              >
                BirthDate
              </WithStyles(TableSortLabel)>
            </WithStyles(Tooltip)>,
            "numeric": false,
            "padding": "default",
            "sortDirection": false,
          },
          "ref": null,
          "rendered": Object {
            "instance": null,
            "key": undefined,
            "nodeType": "class",
            "props": Object {
              "children": <WithStyles(TableSortLabel)
                active={false}
                direction="desc"
                onClick={[Function]}
              >
                BirthDate
              </WithStyles(TableSortLabel)>,
              "enterDelay": 300,
              "placement": "bottom-start",
              "title": "Sort",
            },
            "ref": null,
            "rendered": Object {
              "instance": null,
              "key": undefined,
              "nodeType": "class",
              "props": Object {
                "active": false,
                "children": "BirthDate",
                "direction": "desc",
                "onClick": [Function],
              },
              "ref": null,
              "rendered": "BirthDate",
              "type": [Function],
            },
            "type": [Function],
          },
          "type": [Function],
        },
        Object {
          "instance": null,
          "key": "url",
          "nodeType": "class",
          "props": Object {
            "children": <WithStyles(Tooltip)
              enterDelay={300}
              placement="bottom-start"
              title="Sort"
            >
              <WithStyles(TableSortLabel)
                active={false}
                direction="desc"
                onClick={[Function]}
              >
                Profile
              </WithStyles(TableSortLabel)>
            </WithStyles(Tooltip)>,
            "numeric": false,
            "padding": "default",
            "sortDirection": false,
          },
          "ref": null,
          "rendered": Object {
            "instance": null,
            "key": undefined,
            "nodeType": "class",
            "props": Object {
              "children": <WithStyles(TableSortLabel)
                active={false}
                direction="desc"
                onClick={[Function]}
              >
                Profile
              </WithStyles(TableSortLabel)>,
              "enterDelay": 300,
              "placement": "bottom-start",
              "title": "Sort",
            },
            "ref": null,
            "rendered": Object {
              "instance": null,
              "key": undefined,
              "nodeType": "class",
              "props": Object {
                "active": false,
                "children": "Profile",
                "direction": "desc",
                "onClick": [Function],
              },
              "ref": null,
              "rendered": "Profile",
              "type": [Function],
            },
            "type": [Function],
          },
          "type": [Function],
        },
      ],
      "type": [Function],
    },
    "type": [Function],
  },
  Symbol(enzyme.__nodes__): Array [
    Object {
      "instance": null,
      "key": undefined,
      "nodeType": "class",
      "props": Object {
        "children": <WithStyles(TableRow)>
          <WithStyles(TableCell)
            padding="checkbox"
          >
            <WithStyles(Checkbox)
              checked={false}
              indeterminate={false}
              onChange={[Function]}
            />
          </WithStyles(TableCell)>
          <WithStyles(TableCell)
            numeric={false}
            padding="none"
            sortDirection="desc"
          >
            <WithStyles(Tooltip)
              enterDelay={300}
              placement="bottom-start"
              title="Sort"
            >
              <WithStyles(TableSortLabel)
                active={true}
                direction="desc"
                onClick={[Function]}
              >
                FirstName
              </WithStyles(TableSortLabel)>
            </WithStyles(Tooltip)>
          </WithStyles(TableCell)>
          <WithStyles(TableCell)
            numeric={false}
            padding="default"
            sortDirection={false}
          >
            <WithStyles(Tooltip)
              enterDelay={300}
              placement="bottom-start"
              title="Sort"
            >
              <WithStyles(TableSortLabel)
                active={false}
                direction="desc"
                onClick={[Function]}
              >
                LastName
              </WithStyles(TableSortLabel)>
            </WithStyles(Tooltip)>
          </WithStyles(TableCell)>
          <WithStyles(TableCell)
            numeric={false}
            padding="default"
            sortDirection={false}
          >
            <WithStyles(Tooltip)
              enterDelay={300}
              placement="bottom-start"
              title="Sort"
            >
              <WithStyles(TableSortLabel)
                active={false}
                direction="desc"
                onClick={[Function]}
              >
                Hobbies
              </WithStyles(TableSortLabel)>
            </WithStyles(Tooltip)>
          </WithStyles(TableCell)>
          <WithStyles(TableCell)
            numeric={false}
            padding="default"
            sortDirection={false}
          >
            <WithStyles(Tooltip)
              enterDelay={300}
              placement="bottom-start"
              title="Sort"
            >
              <WithStyles(TableSortLabel)
                active={false}
                direction="desc"
                onClick={[Function]}
              >
                BirthDate
              </WithStyles(TableSortLabel)>
            </WithStyles(Tooltip)>
          </WithStyles(TableCell)>
          <WithStyles(TableCell)
            numeric={false}
            padding="default"
            sortDirection={false}
          >
            <WithStyles(Tooltip)
              enterDelay={300}
              placement="bottom-start"
              title="Sort"
            >
              <WithStyles(TableSortLabel)
                active={false}
                direction="desc"
                onClick={[Function]}
              >
                Profile
              </WithStyles(TableSortLabel)>
            </WithStyles(Tooltip)>
          </WithStyles(TableCell)>
        </WithStyles(TableRow)>,
      },
      "ref": null,
      "rendered": Object {
        "instance": null,
        "key": undefined,
        "nodeType": "class",
        "props": Object {
          "children": Array [
            <WithStyles(TableCell)
              padding="checkbox"
            >
              <WithStyles(Checkbox)
                checked={false}
                indeterminate={false}
                onChange={[Function]}
              />
            </WithStyles(TableCell)>,
            Array [
              <WithStyles(TableCell)
                numeric={false}
                padding="none"
                sortDirection="desc"
              >
                <WithStyles(Tooltip)
                  enterDelay={300}
                  placement="bottom-start"
                  title="Sort"
                >
                  <WithStyles(TableSortLabel)
                    active={true}
                    direction="desc"
                    onClick={[Function]}
                  >
                    FirstName
                  </WithStyles(TableSortLabel)>
                </WithStyles(Tooltip)>
              </WithStyles(TableCell)>,
              <WithStyles(TableCell)
                numeric={false}
                padding="default"
                sortDirection={false}
              >
                <WithStyles(Tooltip)
                  enterDelay={300}
                  placement="bottom-start"
                  title="Sort"
                >
                  <WithStyles(TableSortLabel)
                    active={false}
                    direction="desc"
                    onClick={[Function]}
                  >
                    LastName
                  </WithStyles(TableSortLabel)>
                </WithStyles(Tooltip)>
              </WithStyles(TableCell)>,
              <WithStyles(TableCell)
                numeric={false}
                padding="default"
                sortDirection={false}
              >
                <WithStyles(Tooltip)
                  enterDelay={300}
                  placement="bottom-start"
                  title="Sort"
                >
                  <WithStyles(TableSortLabel)
                    active={false}
                    direction="desc"
                    onClick={[Function]}
                  >
                    Hobbies
                  </WithStyles(TableSortLabel)>
                </WithStyles(Tooltip)>
              </WithStyles(TableCell)>,
              <WithStyles(TableCell)
                numeric={false}
                padding="default"
                sortDirection={false}
              >
                <WithStyles(Tooltip)
                  enterDelay={300}
                  placement="bottom-start"
                  title="Sort"
                >
                  <WithStyles(TableSortLabel)
                    active={false}
                    direction="desc"
                    onClick={[Function]}
                  >
                    BirthDate
                  </WithStyles(TableSortLabel)>
                </WithStyles(Tooltip)>
              </WithStyles(TableCell)>,
              <WithStyles(TableCell)
                numeric={false}
                padding="default"
                sortDirection={false}
              >
                <WithStyles(Tooltip)
                  enterDelay={300}
                  placement="bottom-start"
                  title="Sort"
                >
                  <WithStyles(TableSortLabel)
                    active={false}
                    direction="desc"
                    onClick={[Function]}
                  >
                    Profile
                  </WithStyles(TableSortLabel)>
                </WithStyles(Tooltip)>
              </WithStyles(TableCell)>,
            ],
          ],
        },
        "ref": null,
        "rendered": Array [
          Object {
            "instance": null,
            "key": undefined,
            "nodeType": "class",
            "props": Object {
              "children": <WithStyles(Checkbox)
                checked={false}
                indeterminate={false}
                onChange={[Function]}
              />,
              "padding": "checkbox",
            },
            "ref": null,
            "rendered": Object {
              "instance": null,
              "key": undefined,
              "nodeType": "class",
              "props": Object {
                "checked": false,
                "indeterminate": false,
                "onChange": [Function],
              },
              "ref": null,
              "rendered": null,
              "type": [Function],
            },
            "type": [Function],
          },
          Object {
            "instance": null,
            "key": "firstName",
            "nodeType": "class",
            "props": Object {
              "children": <WithStyles(Tooltip)
                enterDelay={300}
                placement="bottom-start"
                title="Sort"
              >
                <WithStyles(TableSortLabel)
                  active={true}
                  direction="desc"
                  onClick={[Function]}
                >
                  FirstName
                </WithStyles(TableSortLabel)>
              </WithStyles(Tooltip)>,
              "numeric": false,
              "padding": "none",
              "sortDirection": "desc",
            },
            "ref": null,
            "rendered": Object {
              "instance": null,
              "key": undefined,
              "nodeType": "class",
              "props": Object {
                "children": <WithStyles(TableSortLabel)
                  active={true}
                  direction="desc"
                  onClick={[Function]}
                >
                  FirstName
                </WithStyles(TableSortLabel)>,
                "enterDelay": 300,
                "placement": "bottom-start",
                "title": "Sort",
              },
              "ref": null,
              "rendered": Object {
                "instance": null,
                "key": undefined,
                "nodeType": "class",
                "props": Object {
                  "active": true,
                  "children": "FirstName",
                  "direction": "desc",
                  "onClick": [Function],
                },
                "ref": null,
                "rendered": "FirstName",
                "type": [Function],
              },
              "type": [Function],
            },
            "type": [Function],
          },
          Object {
            "instance": null,
            "key": "lastName",
            "nodeType": "class",
            "props": Object {
              "children": <WithStyles(Tooltip)
                enterDelay={300}
                placement="bottom-start"
                title="Sort"
              >
                <WithStyles(TableSortLabel)
                  active={false}
                  direction="desc"
                  onClick={[Function]}
                >
                  LastName
                </WithStyles(TableSortLabel)>
              </WithStyles(Tooltip)>,
              "numeric": false,
              "padding": "default",
              "sortDirection": false,
            },
            "ref": null,
            "rendered": Object {
              "instance": null,
              "key": undefined,
              "nodeType": "class",
              "props": Object {
                "children": <WithStyles(TableSortLabel)
                  active={false}
                  direction="desc"
                  onClick={[Function]}
                >
                  LastName
                </WithStyles(TableSortLabel)>,
                "enterDelay": 300,
                "placement": "bottom-start",
                "title": "Sort",
              },
              "ref": null,
              "rendered": Object {
                "instance": null,
                "key": undefined,
                "nodeType": "class",
                "props": Object {
                  "active": false,
                  "children": "LastName",
                  "direction": "desc",
                  "onClick": [Function],
                },
                "ref": null,
                "rendered": "LastName",
                "type": [Function],
              },
              "type": [Function],
            },
            "type": [Function],
          },
          Object {
            "instance": null,
            "key": "hobbies",
            "nodeType": "class",
            "props": Object {
              "children": <WithStyles(Tooltip)
                enterDelay={300}
                placement="bottom-start"
                title="Sort"
              >
                <WithStyles(TableSortLabel)
                  active={false}
                  direction="desc"
                  onClick={[Function]}
                >
                  Hobbies
                </WithStyles(TableSortLabel)>
              </WithStyles(Tooltip)>,
              "numeric": false,
              "padding": "default",
              "sortDirection": false,
            },
            "ref": null,
            "rendered": Object {
              "instance": null,
              "key": undefined,
              "nodeType": "class",
              "props": Object {
                "children": <WithStyles(TableSortLabel)
                  active={false}
                  direction="desc"
                  onClick={[Function]}
                >
                  Hobbies
                </WithStyles(TableSortLabel)>,
                "enterDelay": 300,
                "placement": "bottom-start",
                "title": "Sort",
              },
              "ref": null,
              "rendered": Object {
                "instance": null,
                "key": undefined,
                "nodeType": "class",
                "props": Object {
                  "active": false,
                  "children": "Hobbies",
                  "direction": "desc",
                  "onClick": [Function],
                },
                "ref": null,
                "rendered": "Hobbies",
                "type": [Function],
              },
              "type": [Function],
            },
            "type": [Function],
          },
          Object {
            "instance": null,
            "key": "birthDate",
            "nodeType": "class",
            "props": Object {
              "children": <WithStyles(Tooltip)
                enterDelay={300}
                placement="bottom-start"
                title="Sort"
              >
                <WithStyles(TableSortLabel)
                  active={false}
                  direction="desc"
                  onClick={[Function]}
                >
                  BirthDate
                </WithStyles(TableSortLabel)>
              </WithStyles(Tooltip)>,
              "numeric": false,
              "padding": "default",
              "sortDirection": false,
            },
            "ref": null,
            "rendered": Object {
              "instance": null,
              "key": undefined,
              "nodeType": "class",
              "props": Object {
                "children": <WithStyles(TableSortLabel)
                  active={false}
                  direction="desc"
                  onClick={[Function]}
                >
                  BirthDate
                </WithStyles(TableSortLabel)>,
                "enterDelay": 300,
                "placement": "bottom-start",
                "title": "Sort",
              },
              "ref": null,
              "rendered": Object {
                "instance": null,
                "key": undefined,
                "nodeType": "class",
                "props": Object {
                  "active": false,
                  "children": "BirthDate",
                  "direction": "desc",
                  "onClick": [Function],
                },
                "ref": null,
                "rendered": "BirthDate",
                "type": [Function],
              },
              "type": [Function],
            },
            "type": [Function],
          },
          Object {
            "instance": null,
            "key": "url",
            "nodeType": "class",
            "props": Object {
              "children": <WithStyles(Tooltip)
                enterDelay={300}
                placement="bottom-start"
                title="Sort"
              >
                <WithStyles(TableSortLabel)
                  active={false}
                  direction="desc"
                  onClick={[Function]}
                >
                  Profile
                </WithStyles(TableSortLabel)>
              </WithStyles(Tooltip)>,
              "numeric": false,
              "padding": "default",
              "sortDirection": false,
            },
            "ref": null,
            "rendered": Object {
              "instance": null,
              "key": undefined,
              "nodeType": "class",
              "props": Object {
                "children": <WithStyles(TableSortLabel)
                  active={false}
                  direction="desc"
                  onClick={[Function]}
                >
                  Profile
                </WithStyles(TableSortLabel)>,
                "enterDelay": 300,
                "placement": "bottom-start",
                "title": "Sort",
              },
              "ref": null,
              "rendered": Object {
                "instance": null,
                "key": undefined,
                "nodeType": "class",
                "props": Object {
                  "active": false,
                  "children": "Profile",
                  "direction": "desc",
                  "onClick": [Function],
                },
                "ref": null,
                "rendered": "Profile",
                "type": [Function],
              },
              "type": [Function],
            },
            "type": [Function],
          },
        ],
        "type": [Function],
      },
      "type": [Function],
    },
  ],
  Symbol(enzyme.__options__): Object {
    "adapter": ReactSixteenAdapter {
      "options": Object {
        "enableComponentDidUpdateOnSetState": true,
        "lifecycles": Object {
          "componentDidUpdate": Object {
            "onSetState": true,
          },
          "getDerivedStateFromProps": true,
          "getSnapshotBeforeUpdate": true,
          "setState": Object {
            "skipsComponentDidUpdateOnNullish": true,
          },
        },
      },
    },
  },
}
`;
